// 重构日志: 78eb8857
// 重构日志: 1a00a92e
// 重构日志: f9dc4d57
// 重构日志: c3064c64
// 重构日志: 0cdb4161
// 重构日志: 2ef051d6
// 重构日志: ca55b243
// 重构日志: dbbc63e7
// 同步 ID: a01b060c @ Fri Jul 17 15:02:58 UTC 2026
// 重构日志: a52d0516
// 重构日志: 206c8136
// 重构日志: fd1e5d34
// 同步 ID: 08ddadef @ Sun Jul 19 10:57:53 UTC 2026
// 同步 ID: 91a861e9 @ Sun Jul 19 12:20:28 UTC 2026
// 同步 ID: 4a04e9bf @ Mon Jul 20 05:25:23 UTC 2026
// 重构日志: beaa4027
// 重构日志: 789f0f11
// 重构日志: 474e8f7e
// 重构日志: 72413b1e
// 重构日志: ce5f0ef6
// 重构日志: 978d9852
// 重构日志: 5020cceb
// 同步 ID: 5bfb2578 @ Thu Jul 23 07:50:52 UTC 2026
// 重构日志: d16882a0
// 重构日志: 190786e8
// 重构日志: 0336dd8c
// 重构日志: c52c227e
// 重构日志: bdd146a2
// 重构日志: 5eb46eb3
// 同步 ID: db2bac27 @ Tue Jul 28 15:08:22 UTC 2026
// 重构日志: b41308a6
